---
version: 1
interactions:
- request:
    body: '{"project_id":"105bdce1-64c0-48ab-899d-868455867ecf","name":"test-documentdb-instance-endpoint-migration","engine":"FerretDB-1","user_name":"my_initial_user","password":"thiZ_is_v\u0026ry_s3cret","node_type":"docdb-play2-pico","is_ha_cluster":false,"disable_backup":false,"tags":["terraform-test","scaleway_document_db_instance_migration","minimal"],"init_settings":null,"volume_type":"bssd","volume_size":20000000000,"init_endpoints":null,"backup_same_region":false}'
    form: {}
    headers:
      Content-Type:
      - application/json
      User-Agent:
      - scaleway-sdk-go/v1.0.0-beta.7+dev (go1.21.1; darwin; amd64) terraform-provider/develop
        terraform/terraform-tests
    url: https://api.scaleway.com/document-db/v1beta1/regions/fr-par/instances
    method: POST
  response:
    body: '{"backup_same_region":false,"backup_schedule":{"disabled":false,"frequency":24,"next_run_at":"2023-10-03T20:08:44.866068Z","retention":7},"created_at":"2023-10-02T20:08:44.866068Z","endpoint":null,"endpoints":[],"engine":"FerretDB-1","id":"e36492a3-e9ed-4313-a9e9-3fb6ec2b73e6","init_settings":[],"is_ha_cluster":false,"logs_policy":{"max_age_retention":30,"total_disk_retention":null},"maintenances":[],"name":"test-documentdb-instance-endpoint-migration","node_type":"docdb-play2-pico","organization_id":"105bdce1-64c0-48ab-899d-868455867ecf","project_id":"105bdce1-64c0-48ab-899d-868455867ecf","read_replicas":[],"region":"fr-par","settings":[],"status":"provisioning","tags":["terraform-test","scaleway_document_db_instance_migration","minimal"],"upgradable_version":[],"volume":{"size":20000000000,"type":"bssd"}}'
    headers:
      Content-Length:
      - "846"
      Content-Security-Policy:
      - default-src 'none'; frame-ancestors 'none'
      Content-Type:
      - application/json
      Date:
      - Mon, 02 Oct 2023 20:08:45 GMT
      Server:
      - Scaleway API-Gateway
      Strict-Transport-Security:
      - max-age=63072000
      X-Content-Type-Options:
      - nosniff
      X-Frame-Options:
      - DENY
      X-Request-Id:
      - 523ec808-0542-473f-976b-939b12e20cdd
    status: 200 OK
    code: 200
    duration: ""
- request:
    body: ""
    form: {}
    headers:
      User-Agent:
      - scaleway-sdk-go/v1.0.0-beta.7+dev (go1.21.1; darwin; amd64) terraform-provider/develop
        terraform/terraform-tests
    url: https://api.scaleway.com/document-db/v1beta1/regions/fr-par/instances/e36492a3-e9ed-4313-a9e9-3fb6ec2b73e6
    method: GET
  response:
    body: '{"backup_same_region":false,"backup_schedule":{"disabled":false,"frequency":24,"next_run_at":"2023-10-03T20:08:44.866068Z","retention":7},"created_at":"2023-10-02T20:08:44.866068Z","endpoint":null,"endpoints":[],"engine":"FerretDB-1","id":"e36492a3-e9ed-4313-a9e9-3fb6ec2b73e6","init_settings":[],"is_ha_cluster":false,"logs_policy":{"max_age_retention":30,"total_disk_retention":null},"maintenances":[],"name":"test-documentdb-instance-endpoint-migration","node_type":"docdb-play2-pico","organization_id":"105bdce1-64c0-48ab-899d-868455867ecf","project_id":"105bdce1-64c0-48ab-899d-868455867ecf","read_replicas":[],"region":"fr-par","settings":[],"status":"provisioning","tags":["terraform-test","scaleway_document_db_instance_migration","minimal"],"upgradable_version":[],"volume":{"size":20000000000,"type":"bssd"}}'
    headers:
      Content-Length:
      - "846"
      Content-Security-Policy:
      - default-src 'none'; frame-ancestors 'none'
      Content-Type:
      - application/json
      Date:
      - Mon, 02 Oct 2023 20:08:45 GMT
      Server:
      - Scaleway API-Gateway
      Strict-Transport-Security:
      - max-age=63072000
      X-Content-Type-Options:
      - nosniff
      X-Frame-Options:
      - DENY
      X-Request-Id:
      - 33f17e76-a6f5-46ac-94c0-f7d17ab637dc
    status: 200 OK
    code: 200
    duration: ""
- request:
    body: ""
    form: {}
    headers:
      User-Agent:
      - scaleway-sdk-go/v1.0.0-beta.7+dev (go1.21.1; darwin; amd64) terraform-provider/develop
        terraform/terraform-tests
    url: https://api.scaleway.com/document-db/v1beta1/regions/fr-par/instances/e36492a3-e9ed-4313-a9e9-3fb6ec2b73e6
    method: GET
  response:
    body: '{"backup_same_region":false,"backup_schedule":{"disabled":false,"frequency":24,"next_run_at":"2023-10-03T20:08:44.866068Z","retention":7},"created_at":"2023-10-02T20:08:44.866068Z","endpoint":null,"endpoints":[],"engine":"FerretDB-1","id":"e36492a3-e9ed-4313-a9e9-3fb6ec2b73e6","init_settings":[],"is_ha_cluster":false,"logs_policy":{"max_age_retention":30,"total_disk_retention":null},"maintenances":[],"name":"test-documentdb-instance-endpoint-migration","node_type":"docdb-play2-pico","organization_id":"105bdce1-64c0-48ab-899d-868455867ecf","project_id":"105bdce1-64c0-48ab-899d-868455867ecf","read_replicas":[],"region":"fr-par","settings":[],"status":"initializing","tags":["terraform-test","scaleway_document_db_instance_migration","minimal"],"upgradable_version":[],"volume":{"size":20000000000,"type":"bssd"}}'
    headers:
      Content-Length:
      - "846"
      Content-Security-Policy:
      - default-src 'none'; frame-ancestors 'none'
      Content-Type:
      - application/json
      Date:
      - Mon, 02 Oct 2023 20:09:17 GMT
      Server:
      - Scaleway API-Gateway
      Strict-Transport-Security:
      - max-age=63072000
      X-Content-Type-Options:
      - nosniff
      X-Frame-Options:
      - DENY
      X-Request-Id:
      - c19a25bb-4a36-4400-bd0a-9879a30e1d50
    status: 200 OK
    code: 200
    duration: ""
- request:
    body: ""
    form: {}
    headers:
      User-Agent:
      - scaleway-sdk-go/v1.0.0-beta.7+dev (go1.21.1; darwin; amd64) terraform-provider/develop
        terraform/terraform-tests
    url: https://api.scaleway.com/document-db/v1beta1/regions/fr-par/instances/e36492a3-e9ed-4313-a9e9-3fb6ec2b73e6
    method: GET
  response:
    body: '{"backup_same_region":false,"backup_schedule":{"disabled":false,"frequency":24,"next_run_at":"2023-10-03T20:08:44.866068Z","retention":7},"created_at":"2023-10-02T20:08:44.866068Z","endpoint":null,"endpoints":[],"engine":"FerretDB-1","id":"e36492a3-e9ed-4313-a9e9-3fb6ec2b73e6","init_settings":[],"is_ha_cluster":false,"logs_policy":{"max_age_retention":30,"total_disk_retention":null},"maintenances":[],"name":"test-documentdb-instance-endpoint-migration","node_type":"docdb-play2-pico","organization_id":"105bdce1-64c0-48ab-899d-868455867ecf","project_id":"105bdce1-64c0-48ab-899d-868455867ecf","read_replicas":[],"region":"fr-par","settings":[],"status":"initializing","tags":["terraform-test","scaleway_document_db_instance_migration","minimal"],"upgradable_version":[],"volume":{"size":20000000000,"type":"bssd"}}'
    headers:
      Content-Length:
      - "846"
      Content-Security-Policy:
      - default-src 'none'; frame-ancestors 'none'
      Content-Type:
      - application/json
      Date:
      - Mon, 02 Oct 2023 20:09:47 GMT
      Server:
      - Scaleway API-Gateway
      Strict-Transport-Security:
      - max-age=63072000
      X-Content-Type-Options:
      - nosniff
      X-Frame-Options:
      - DENY
      X-Request-Id:
      - 14fd2ef6-f64b-43d8-b408-ff75d6d4bcc6
    status: 200 OK
    code: 200
    duration: ""
- request:
    body: ""
    form: {}
    headers:
      User-Agent:
      - scaleway-sdk-go/v1.0.0-beta.7+dev (go1.21.1; darwin; amd64) terraform-provider/develop
        terraform/terraform-tests
    url: https://api.scaleway.com/document-db/v1beta1/regions/fr-par/instances/e36492a3-e9ed-4313-a9e9-3fb6ec2b73e6
    method: GET
  response:
    body: '{"backup_same_region":false,"backup_schedule":{"disabled":false,"frequency":24,"next_run_at":"2023-10-03T20:08:44.866068Z","retention":7},"created_at":"2023-10-02T20:08:44.866068Z","endpoint":null,"endpoints":[],"engine":"FerretDB-1","id":"e36492a3-e9ed-4313-a9e9-3fb6ec2b73e6","init_settings":[],"is_ha_cluster":false,"logs_policy":{"max_age_retention":30,"total_disk_retention":null},"maintenances":[],"name":"test-documentdb-instance-endpoint-migration","node_type":"docdb-play2-pico","organization_id":"105bdce1-64c0-48ab-899d-868455867ecf","project_id":"105bdce1-64c0-48ab-899d-868455867ecf","read_replicas":[],"region":"fr-par","settings":[],"status":"initializing","tags":["terraform-test","scaleway_document_db_instance_migration","minimal"],"upgradable_version":[],"volume":{"size":20000000000,"type":"bssd"}}'
    headers:
      Content-Length:
      - "846"
      Content-Security-Policy:
      - default-src 'none'; frame-ancestors 'none'
      Content-Type:
      - application/json
      Date:
      - Mon, 02 Oct 2023 20:10:24 GMT
      Server:
      - Scaleway API-Gateway
      Strict-Transport-Security:
      - max-age=63072000
      X-Content-Type-Options:
      - nosniff
      X-Frame-Options:
      - DENY
      X-Request-Id:
      - db624897-9cd2-43ff-9596-da5888e22c68
    status: 200 OK
    code: 200
    duration: ""
- request:
    body: ""
    form: {}
    headers:
      User-Agent:
      - scaleway-sdk-go/v1.0.0-beta.7+dev (go1.21.1; darwin; amd64) terraform-provider/develop
        terraform/terraform-tests
    url: https://api.scaleway.com/document-db/v1beta1/regions/fr-par/instances/e36492a3-e9ed-4313-a9e9-3fb6ec2b73e6
    method: GET
  response:
    body: '{"backup_same_region":false,"backup_schedule":{"disabled":false,"frequency":24,"next_run_at":"2023-10-03T20:08:44.866068Z","retention":7},"created_at":"2023-10-02T20:08:44.866068Z","endpoint":null,"endpoints":[],"engine":"FerretDB-1","id":"e36492a3-e9ed-4313-a9e9-3fb6ec2b73e6","init_settings":[],"is_ha_cluster":false,"logs_policy":{"max_age_retention":30,"total_disk_retention":null},"maintenances":[],"name":"test-documentdb-instance-endpoint-migration","node_type":"docdb-play2-pico","organization_id":"105bdce1-64c0-48ab-899d-868455867ecf","project_id":"105bdce1-64c0-48ab-899d-868455867ecf","read_replicas":[],"region":"fr-par","settings":[],"status":"initializing","tags":["terraform-test","scaleway_document_db_instance_migration","minimal"],"upgradable_version":[],"volume":{"size":20000000000,"type":"bssd"}}'
    headers:
      Content-Length:
      - "846"
      Content-Security-Policy:
      - default-src 'none'; frame-ancestors 'none'
      Content-Type:
      - application/json
      Date:
      - Mon, 02 Oct 2023 20:10:54 GMT
      Server:
      - Scaleway API-Gateway
      Strict-Transport-Security:
      - max-age=63072000
      X-Content-Type-Options:
      - nosniff
      X-Frame-Options:
      - DENY
      X-Request-Id:
      - 37e04f5e-2612-4acf-885d-dfdd0071af3f
    status: 200 OK
    code: 200
    duration: ""
- request:
    body: ""
    form: {}
    headers:
      User-Agent:
      - scaleway-sdk-go/v1.0.0-beta.7+dev (go1.21.1; darwin; amd64) terraform-provider/develop
        terraform/terraform-tests
    url: https://api.scaleway.com/document-db/v1beta1/regions/fr-par/instances/e36492a3-e9ed-4313-a9e9-3fb6ec2b73e6
    method: GET
  response:
    body: '{"backup_same_region":false,"backup_schedule":{"disabled":false,"frequency":24,"next_run_at":"2023-10-03T20:08:44.866068Z","retention":7},"created_at":"2023-10-02T20:08:44.866068Z","endpoint":null,"endpoints":[],"engine":"FerretDB-1","id":"e36492a3-e9ed-4313-a9e9-3fb6ec2b73e6","init_settings":[],"is_ha_cluster":false,"logs_policy":{"max_age_retention":30,"total_disk_retention":null},"maintenances":[],"name":"test-documentdb-instance-endpoint-migration","node_type":"docdb-play2-pico","organization_id":"105bdce1-64c0-48ab-899d-868455867ecf","project_id":"105bdce1-64c0-48ab-899d-868455867ecf","read_replicas":[],"region":"fr-par","settings":[],"status":"initializing","tags":["terraform-test","scaleway_document_db_instance_migration","minimal"],"upgradable_version":[],"volume":{"size":20000000000,"type":"bssd"}}'
    headers:
      Content-Length:
      - "846"
      Content-Security-Policy:
      - default-src 'none'; frame-ancestors 'none'
      Content-Type:
      - application/json
      Date:
      - Mon, 02 Oct 2023 20:11:25 GMT
      Server:
      - Scaleway API-Gateway
      Strict-Transport-Security:
      - max-age=63072000
      X-Content-Type-Options:
      - nosniff
      X-Frame-Options:
      - DENY
      X-Request-Id:
      - 097a84de-4bf8-40c5-b30d-e32b5b88ec07
    status: 200 OK
    code: 200
    duration: ""
- request:
    body: ""
    form: {}
    headers:
      User-Agent:
      - scaleway-sdk-go/v1.0.0-beta.7+dev (go1.21.1; darwin; amd64) terraform-provider/develop
        terraform/terraform-tests
    url: https://api.scaleway.com/document-db/v1beta1/regions/fr-par/instances/e36492a3-e9ed-4313-a9e9-3fb6ec2b73e6
    method: GET
  response:
    body: '{"backup_same_region":false,"backup_schedule":{"disabled":false,"frequency":24,"next_run_at":"2023-10-03T20:08:44.866068Z","retention":7},"created_at":"2023-10-02T20:08:44.866068Z","endpoint":{"id":"760f7ec9-d812-4716-a577-2a1264d128e8","ip":"51.159.26.243","load_balancer":{},"name":null,"port":5088},"endpoints":[{"id":"760f7ec9-d812-4716-a577-2a1264d128e8","ip":"51.159.26.243","load_balancer":{},"name":null,"port":5088}],"engine":"FerretDB-1","id":"e36492a3-e9ed-4313-a9e9-3fb6ec2b73e6","init_settings":[],"is_ha_cluster":false,"logs_policy":{"max_age_retention":30,"total_disk_retention":null},"maintenances":[],"name":"test-documentdb-instance-endpoint-migration","node_type":"docdb-play2-pico","organization_id":"105bdce1-64c0-48ab-899d-868455867ecf","project_id":"105bdce1-64c0-48ab-899d-868455867ecf","read_replicas":[],"region":"fr-par","settings":[{"name":"max_connections","value":"100"}],"status":"ready","tags":["terraform-test","scaleway_document_db_instance_migration","minimal"],"upgradable_version":[],"volume":{"size":20000000000,"type":"bssd"}}'
    headers:
      Content-Length:
      - "1102"
      Content-Security-Policy:
      - default-src 'none'; frame-ancestors 'none'
      Content-Type:
      - application/json
      Date:
      - Mon, 02 Oct 2023 20:12:02 GMT
      Server:
      - Scaleway API-Gateway
      Strict-Transport-Security:
      - max-age=63072000
      X-Content-Type-Options:
      - nosniff
      X-Frame-Options:
      - DENY
      X-Request-Id:
      - d7341e3b-20fe-46fb-a9e7-848f1e32096c
    status: 200 OK
    code: 200
    duration: ""
- request:
    body: ""
    form: {}
    headers:
      User-Agent:
      - scaleway-sdk-go/v1.0.0-beta.7+dev (go1.21.1; darwin; amd64) terraform-provider/develop
        terraform/terraform-tests
    url: https://api.scaleway.com/document-db/v1beta1/regions/fr-par/instances/e36492a3-e9ed-4313-a9e9-3fb6ec2b73e6
    method: GET
  response:
    body: '{"backup_same_region":false,"backup_schedule":{"disabled":false,"frequency":24,"next_run_at":"2023-10-03T20:08:44.866068Z","retention":7},"created_at":"2023-10-02T20:08:44.866068Z","endpoint":{"id":"760f7ec9-d812-4716-a577-2a1264d128e8","ip":"51.159.26.243","load_balancer":{},"name":null,"port":5088},"endpoints":[{"id":"760f7ec9-d812-4716-a577-2a1264d128e8","ip":"51.159.26.243","load_balancer":{},"name":null,"port":5088}],"engine":"FerretDB-1","id":"e36492a3-e9ed-4313-a9e9-3fb6ec2b73e6","init_settings":[],"is_ha_cluster":false,"logs_policy":{"max_age_retention":30,"total_disk_retention":null},"maintenances":[],"name":"test-documentdb-instance-endpoint-migration","node_type":"docdb-play2-pico","organization_id":"105bdce1-64c0-48ab-899d-868455867ecf","project_id":"105bdce1-64c0-48ab-899d-868455867ecf","read_replicas":[],"region":"fr-par","settings":[{"name":"max_connections","value":"100"}],"status":"ready","tags":["terraform-test","scaleway_document_db_instance_migration","minimal"],"upgradable_version":[],"volume":{"size":20000000000,"type":"bssd"}}'
    headers:
      Content-Length:
      - "1102"
      Content-Security-Policy:
      - default-src 'none'; frame-ancestors 'none'
      Content-Type:
      - application/json
      Date:
      - Mon, 02 Oct 2023 20:12:04 GMT
      Server:
      - Scaleway API-Gateway
      Strict-Transport-Security:
      - max-age=63072000
      X-Content-Type-Options:
      - nosniff
      X-Frame-Options:
      - DENY
      X-Request-Id:
      - 0c0ea65d-08d1-442b-8c06-7e6291e36bec
    status: 200 OK
    code: 200
    duration: ""
- request:
    body: ""
    form: {}
    headers:
      User-Agent:
      - scaleway-sdk-go/v1.0.0-beta.7+dev (go1.21.1; darwin; amd64) terraform-provider/develop
        terraform/terraform-tests
    url: https://api.scaleway.com/document-db/v1beta1/regions/fr-par/instances/e36492a3-e9ed-4313-a9e9-3fb6ec2b73e6
    method: GET
  response:
    body: '{"backup_same_region":false,"backup_schedule":{"disabled":false,"frequency":24,"next_run_at":"2023-10-03T20:08:44.866068Z","retention":7},"created_at":"2023-10-02T20:08:44.866068Z","endpoint":{"id":"760f7ec9-d812-4716-a577-2a1264d128e8","ip":"51.159.26.243","load_balancer":{},"name":null,"port":5088},"endpoints":[{"id":"760f7ec9-d812-4716-a577-2a1264d128e8","ip":"51.159.26.243","load_balancer":{},"name":null,"port":5088}],"engine":"FerretDB-1","id":"e36492a3-e9ed-4313-a9e9-3fb6ec2b73e6","init_settings":[],"is_ha_cluster":false,"logs_policy":{"max_age_retention":30,"total_disk_retention":null},"maintenances":[],"name":"test-documentdb-instance-endpoint-migration","node_type":"docdb-play2-pico","organization_id":"105bdce1-64c0-48ab-899d-868455867ecf","project_id":"105bdce1-64c0-48ab-899d-868455867ecf","read_replicas":[],"region":"fr-par","settings":[{"name":"max_connections","value":"100"}],"status":"ready","tags":["terraform-test","scaleway_document_db_instance_migration","minimal"],"upgradable_version":[],"volume":{"size":20000000000,"type":"bssd"}}'
    headers:
      Content-Length:
      - "1102"
      Content-Security-Policy:
      - default-src 'none'; frame-ancestors 'none'
      Content-Type:
      - application/json
      Date:
      - Mon, 02 Oct 2023 20:12:04 GMT
      Server:
      - Scaleway API-Gateway
      Strict-Transport-Security:
      - max-age=63072000
      X-Content-Type-Options:
      - nosniff
      X-Frame-Options:
      - DENY
      X-Request-Id:
      - e42ad65d-bdd3-4bca-a308-119ce6f739e6
    status: 200 OK
    code: 200
    duration: ""
- request:
    body: '{"name":"foo","password":"R34lP4sSw#Rd","is_admin":true}'
    form: {}
    headers:
      Content-Type:
      - application/json
      User-Agent:
      - scaleway-sdk-go/v1.0.0-beta.7+dev (go1.21.1; darwin; amd64) terraform-provider/develop
        terraform/terraform-tests
    url: https://api.scaleway.com/document-db/v1beta1/regions/fr-par/instances/e36492a3-e9ed-4313-a9e9-3fb6ec2b73e6/users
    method: POST
  response:
    body: '{"is_admin":true,"name":"foo"}'
    headers:
      Content-Length:
      - "31"
      Content-Security-Policy:
      - default-src 'none'; frame-ancestors 'none'
      Content-Type:
      - application/json
      Date:
      - Mon, 02 Oct 2023 20:12:04 GMT
      Server:
      - Scaleway API-Gateway
      Strict-Transport-Security:
      - max-age=63072000
      X-Content-Type-Options:
      - nosniff
      X-Frame-Options:
      - DENY
      X-Request-Id:
      - 1c385424-441f-40ae-aca5-5eecfb6abe55
    status: 200 OK
    code: 200
    duration: ""
- request:
    body: ""
    form: {}
    headers:
      User-Agent:
      - scaleway-sdk-go/v1.0.0-beta.7+dev (go1.21.1; darwin; amd64) terraform-provider/develop
        terraform/terraform-tests
    url: https://api.scaleway.com/document-db/v1beta1/regions/fr-par/instances/e36492a3-e9ed-4313-a9e9-3fb6ec2b73e6/users?name=foo&order_by=name_asc
    method: GET
  response:
    body: '{"total_count":1,"users":[{"is_admin":true,"name":"foo"}]}'
    headers:
      Content-Length:
      - "60"
      Content-Security-Policy:
      - default-src 'none'; frame-ancestors 'none'
      Content-Type:
      - application/json
      Date:
      - Mon, 02 Oct 2023 20:12:04 GMT
      Server:
      - Scaleway API-Gateway
      Strict-Transport-Security:
      - max-age=63072000
      X-Content-Type-Options:
      - nosniff
      X-Frame-Options:
      - DENY
      X-Request-Id:
      - d68f7d40-7a90-450c-82ab-5b1865a58b40
    status: 200 OK
    code: 200
    duration: ""
- request:
    body: ""
    form: {}
    headers:
      User-Agent:
      - scaleway-sdk-go/v1.0.0-beta.7+dev (go1.21.1; darwin; amd64) terraform-provider/develop
        terraform/terraform-tests
    url: https://api.scaleway.com/document-db/v1beta1/regions/fr-par/instances/e36492a3-e9ed-4313-a9e9-3fb6ec2b73e6/users?name=foo&order_by=name_asc
    method: GET
  response:
    body: '{"total_count":1,"users":[{"is_admin":true,"name":"foo"}]}'
    headers:
      Content-Length:
      - "60"
      Content-Security-Policy:
      - default-src 'none'; frame-ancestors 'none'
      Content-Type:
      - application/json
      Date:
      - Mon, 02 Oct 2023 20:12:05 GMT
      Server:
      - Scaleway API-Gateway
      Strict-Transport-Security:
      - max-age=63072000
      X-Content-Type-Options:
      - nosniff
      X-Frame-Options:
      - DENY
      X-Request-Id:
      - c875647c-c119-4547-9b96-ed58ab47f0f8
    status: 200 OK
    code: 200
    duration: ""
- request:
    body: ""
    form: {}
    headers:
      User-Agent:
      - scaleway-sdk-go/v1.0.0-beta.7+dev (go1.21.1; darwin; amd64) terraform-provider/develop
        terraform/terraform-tests
    url: https://api.scaleway.com/document-db/v1beta1/regions/fr-par/instances/e36492a3-e9ed-4313-a9e9-3fb6ec2b73e6
    method: GET
  response:
    body: '{"backup_same_region":false,"backup_schedule":{"disabled":false,"frequency":24,"next_run_at":"2023-10-03T20:08:44.866068Z","retention":7},"created_at":"2023-10-02T20:08:44.866068Z","endpoint":{"id":"760f7ec9-d812-4716-a577-2a1264d128e8","ip":"51.159.26.243","load_balancer":{},"name":null,"port":5088},"endpoints":[{"id":"760f7ec9-d812-4716-a577-2a1264d128e8","ip":"51.159.26.243","load_balancer":{},"name":null,"port":5088}],"engine":"FerretDB-1","id":"e36492a3-e9ed-4313-a9e9-3fb6ec2b73e6","init_settings":[],"is_ha_cluster":false,"logs_policy":{"max_age_retention":30,"total_disk_retention":null},"maintenances":[],"name":"test-documentdb-instance-endpoint-migration","node_type":"docdb-play2-pico","organization_id":"105bdce1-64c0-48ab-899d-868455867ecf","project_id":"105bdce1-64c0-48ab-899d-868455867ecf","read_replicas":[],"region":"fr-par","settings":[{"name":"max_connections","value":"100"}],"status":"ready","tags":["terraform-test","scaleway_document_db_instance_migration","minimal"],"upgradable_version":[],"volume":{"size":20000000000,"type":"bssd"}}'
    headers:
      Content-Length:
      - "1102"
      Content-Security-Policy:
      - default-src 'none'; frame-ancestors 'none'
      Content-Type:
      - application/json
      Date:
      - Mon, 02 Oct 2023 20:12:05 GMT
      Server:
      - Scaleway API-Gateway
      Strict-Transport-Security:
      - max-age=63072000
      X-Content-Type-Options:
      - nosniff
      X-Frame-Options:
      - DENY
      X-Request-Id:
      - a30db95c-19f3-45a1-9b79-38999975f0a1
    status: 200 OK
    code: 200
    duration: ""
- request:
    body: ""
    form: {}
    headers:
      User-Agent:
      - scaleway-sdk-go/v1.0.0-beta.7+dev (go1.21.1; darwin; amd64) terraform-provider/develop
        terraform/terraform-tests
    url: https://api.scaleway.com/document-db/v1beta1/regions/fr-par/instances/e36492a3-e9ed-4313-a9e9-3fb6ec2b73e6/users?name=foo&order_by=name_asc
    method: GET
  response:
    body: '{"total_count":1,"users":[{"is_admin":true,"name":"foo"}]}'
    headers:
      Content-Length:
      - "60"
      Content-Security-Policy:
      - default-src 'none'; frame-ancestors 'none'
      Content-Type:
      - application/json
      Date:
      - Mon, 02 Oct 2023 20:12:05 GMT
      Server:
      - Scaleway API-Gateway
      Strict-Transport-Security:
      - max-age=63072000
      X-Content-Type-Options:
      - nosniff
      X-Frame-Options:
      - DENY
      X-Request-Id:
      - 15cbfebd-0be9-46c6-a013-5b21c2227023
    status: 200 OK
    code: 200
    duration: ""
- request:
    body: ""
    form: {}
    headers:
      User-Agent:
      - scaleway-sdk-go/v1.0.0-beta.7+dev (go1.21.1; darwin; amd64) terraform-provider/develop
        terraform/terraform-tests
    url: https://api.scaleway.com/document-db/v1beta1/regions/fr-par/instances/e36492a3-e9ed-4313-a9e9-3fb6ec2b73e6
    method: GET
  response:
    body: '{"backup_same_region":false,"backup_schedule":{"disabled":false,"frequency":24,"next_run_at":"2023-10-03T20:08:44.866068Z","retention":7},"created_at":"2023-10-02T20:08:44.866068Z","endpoint":{"id":"760f7ec9-d812-4716-a577-2a1264d128e8","ip":"51.159.26.243","load_balancer":{},"name":null,"port":5088},"endpoints":[{"id":"760f7ec9-d812-4716-a577-2a1264d128e8","ip":"51.159.26.243","load_balancer":{},"name":null,"port":5088}],"engine":"FerretDB-1","id":"e36492a3-e9ed-4313-a9e9-3fb6ec2b73e6","init_settings":[],"is_ha_cluster":false,"logs_policy":{"max_age_retention":30,"total_disk_retention":null},"maintenances":[],"name":"test-documentdb-instance-endpoint-migration","node_type":"docdb-play2-pico","organization_id":"105bdce1-64c0-48ab-899d-868455867ecf","project_id":"105bdce1-64c0-48ab-899d-868455867ecf","read_replicas":[],"region":"fr-par","settings":[{"name":"max_connections","value":"100"}],"status":"ready","tags":["terraform-test","scaleway_document_db_instance_migration","minimal"],"upgradable_version":[],"volume":{"size":20000000000,"type":"bssd"}}'
    headers:
      Content-Length:
      - "1102"
      Content-Security-Policy:
      - default-src 'none'; frame-ancestors 'none'
      Content-Type:
      - application/json
      Date:
      - Mon, 02 Oct 2023 20:12:06 GMT
      Server:
      - Scaleway API-Gateway
      Strict-Transport-Security:
      - max-age=63072000
      X-Content-Type-Options:
      - nosniff
      X-Frame-Options:
      - DENY
      X-Request-Id:
      - 604a7932-49dc-4b83-a6bc-9fb64f368836
    status: 200 OK
    code: 200
    duration: ""
- request:
    body: ""
    form: {}
    headers:
      User-Agent:
      - scaleway-sdk-go/v1.0.0-beta.7+dev (go1.21.1; darwin; amd64) terraform-provider/develop
        terraform/terraform-tests
    url: https://api.scaleway.com/document-db/v1beta1/regions/fr-par/instances/e36492a3-e9ed-4313-a9e9-3fb6ec2b73e6/users?name=foo&order_by=name_asc
    method: GET
  response:
    body: '{"total_count":1,"users":[{"is_admin":true,"name":"foo"}]}'
    headers:
      Content-Length:
      - "60"
      Content-Security-Policy:
      - default-src 'none'; frame-ancestors 'none'
      Content-Type:
      - application/json
      Date:
      - Mon, 02 Oct 2023 20:12:06 GMT
      Server:
      - Scaleway API-Gateway
      Strict-Transport-Security:
      - max-age=63072000
      X-Content-Type-Options:
      - nosniff
      X-Frame-Options:
      - DENY
      X-Request-Id:
      - d4bc069b-1302-4145-a8c4-7d6e36c01456
    status: 200 OK
    code: 200
    duration: ""
- request:
    body: ""
    form: {}
    headers:
      User-Agent:
      - scaleway-sdk-go/v1.0.0-beta.7+dev (go1.21.1; darwin; amd64) terraform-provider/develop
        terraform/terraform-tests
    url: https://api.scaleway.com/document-db/v1beta1/regions/fr-par/instances/e36492a3-e9ed-4313-a9e9-3fb6ec2b73e6
    method: GET
  response:
    body: '{"backup_same_region":false,"backup_schedule":{"disabled":false,"frequency":24,"next_run_at":"2023-10-03T20:08:44.866068Z","retention":7},"created_at":"2023-10-02T20:08:44.866068Z","endpoint":{"id":"760f7ec9-d812-4716-a577-2a1264d128e8","ip":"51.159.26.243","load_balancer":{},"name":null,"port":5088},"endpoints":[{"id":"760f7ec9-d812-4716-a577-2a1264d128e8","ip":"51.159.26.243","load_balancer":{},"name":null,"port":5088}],"engine":"FerretDB-1","id":"e36492a3-e9ed-4313-a9e9-3fb6ec2b73e6","init_settings":[],"is_ha_cluster":false,"logs_policy":{"max_age_retention":30,"total_disk_retention":null},"maintenances":[],"name":"test-documentdb-instance-endpoint-migration","node_type":"docdb-play2-pico","organization_id":"105bdce1-64c0-48ab-899d-868455867ecf","project_id":"105bdce1-64c0-48ab-899d-868455867ecf","read_replicas":[],"region":"fr-par","settings":[{"name":"max_connections","value":"100"}],"status":"ready","tags":["terraform-test","scaleway_document_db_instance_migration","minimal"],"upgradable_version":[],"volume":{"size":20000000000,"type":"bssd"}}'
    headers:
      Content-Length:
      - "1102"
      Content-Security-Policy:
      - default-src 'none'; frame-ancestors 'none'
      Content-Type:
      - application/json
      Date:
      - Mon, 02 Oct 2023 20:12:07 GMT
      Server:
      - Scaleway API-Gateway
      Strict-Transport-Security:
      - max-age=63072000
      X-Content-Type-Options:
      - nosniff
      X-Frame-Options:
      - DENY
      X-Request-Id:
      - 662823c1-116f-4854-8e46-d1d7992e86eb
    status: 200 OK
    code: 200
    duration: ""
- request:
    body: ""
    form: {}
    headers:
      User-Agent:
      - scaleway-sdk-go/v1.0.0-beta.7+dev (go1.21.1; darwin; amd64) terraform-provider/develop
        terraform/terraform-tests
    url: https://api.scaleway.com/document-db/v1beta1/regions/fr-par/instances/e36492a3-e9ed-4313-a9e9-3fb6ec2b73e6/users/foo
    method: DELETE
  response:
    body: ""
    headers:
      Content-Security-Policy:
      - default-src 'none'; frame-ancestors 'none'
      Content-Type:
      - application/json
      Date:
      - Mon, 02 Oct 2023 20:12:12 GMT
      Server:
      - Scaleway API-Gateway
      Strict-Transport-Security:
      - max-age=63072000
      X-Content-Type-Options:
      - nosniff
      X-Frame-Options:
      - DENY
      X-Request-Id:
      - 7e9c791e-441d-49cb-bc6f-ab0503313404
    status: 204 No Content
    code: 204
    duration: ""
- request:
    body: ""
    form: {}
    headers:
      User-Agent:
      - scaleway-sdk-go/v1.0.0-beta.7+dev (go1.21.1; darwin; amd64) terraform-provider/develop
        terraform/terraform-tests
    url: https://api.scaleway.com/document-db/v1beta1/regions/fr-par/instances/e36492a3-e9ed-4313-a9e9-3fb6ec2b73e6
    method: GET
  response:
    body: '{"backup_same_region":false,"backup_schedule":{"disabled":false,"frequency":24,"next_run_at":"2023-10-03T20:08:44.866068Z","retention":7},"created_at":"2023-10-02T20:08:44.866068Z","endpoint":{"id":"760f7ec9-d812-4716-a577-2a1264d128e8","ip":"51.159.26.243","load_balancer":{},"name":null,"port":5088},"endpoints":[{"id":"760f7ec9-d812-4716-a577-2a1264d128e8","ip":"51.159.26.243","load_balancer":{},"name":null,"port":5088}],"engine":"FerretDB-1","id":"e36492a3-e9ed-4313-a9e9-3fb6ec2b73e6","init_settings":[],"is_ha_cluster":false,"logs_policy":{"max_age_retention":30,"total_disk_retention":null},"maintenances":[],"name":"test-documentdb-instance-endpoint-migration","node_type":"docdb-play2-pico","organization_id":"105bdce1-64c0-48ab-899d-868455867ecf","project_id":"105bdce1-64c0-48ab-899d-868455867ecf","read_replicas":[],"region":"fr-par","settings":[{"name":"max_connections","value":"100"}],"status":"ready","tags":["terraform-test","scaleway_document_db_instance_migration","minimal"],"upgradable_version":[],"volume":{"size":20000000000,"type":"bssd"}}'
    headers:
      Content-Length:
      - "1102"
      Content-Security-Policy:
      - default-src 'none'; frame-ancestors 'none'
      Content-Type:
      - application/json
      Date:
      - Mon, 02 Oct 2023 20:12:12 GMT
      Server:
      - Scaleway API-Gateway
      Strict-Transport-Security:
      - max-age=63072000
      X-Content-Type-Options:
      - nosniff
      X-Frame-Options:
      - DENY
      X-Request-Id:
      - 7d65189c-7d05-4a67-8811-d6bcbe356591
    status: 200 OK
    code: 200
    duration: ""
- request:
    body: '{"name":"bar","password":"R34lP4sSw#Rd","is_admin":false}'
    form: {}
    headers:
      Content-Type:
      - application/json
      User-Agent:
      - scaleway-sdk-go/v1.0.0-beta.7+dev (go1.21.1; darwin; amd64) terraform-provider/develop
        terraform/terraform-tests
    url: https://api.scaleway.com/document-db/v1beta1/regions/fr-par/instances/e36492a3-e9ed-4313-a9e9-3fb6ec2b73e6/users
    method: POST
  response:
    body: '{"is_admin":false,"name":"bar"}'
    headers:
      Content-Length:
      - "32"
      Content-Security-Policy:
      - default-src 'none'; frame-ancestors 'none'
      Content-Type:
      - application/json
      Date:
      - Mon, 02 Oct 2023 20:12:12 GMT
      Server:
      - Scaleway API-Gateway
      Strict-Transport-Security:
      - max-age=63072000
      X-Content-Type-Options:
      - nosniff
      X-Frame-Options:
      - DENY
      X-Request-Id:
      - 9be8a71e-ce8e-44fa-b82d-039bca7348da
    status: 200 OK
    code: 200
    duration: ""
- request:
    body: ""
    form: {}
    headers:
      User-Agent:
      - scaleway-sdk-go/v1.0.0-beta.7+dev (go1.21.1; darwin; amd64) terraform-provider/develop
        terraform/terraform-tests
    url: https://api.scaleway.com/document-db/v1beta1/regions/fr-par/instances/e36492a3-e9ed-4313-a9e9-3fb6ec2b73e6/users?name=bar&order_by=name_asc
    method: GET
  response:
    body: '{"total_count":1,"users":[{"is_admin":false,"name":"bar"}]}'
    headers:
      Content-Length:
      - "61"
      Content-Security-Policy:
      - default-src 'none'; frame-ancestors 'none'
      Content-Type:
      - application/json
      Date:
      - Mon, 02 Oct 2023 20:12:13 GMT
      Server:
      - Scaleway API-Gateway
      Strict-Transport-Security:
      - max-age=63072000
      X-Content-Type-Options:
      - nosniff
      X-Frame-Options:
      - DENY
      X-Request-Id:
      - d5cd3557-1acd-4967-a7c9-7db3212984c2
    status: 200 OK
    code: 200
    duration: ""
- request:
    body: ""
    form: {}
    headers:
      User-Agent:
      - scaleway-sdk-go/v1.0.0-beta.7+dev (go1.21.1; darwin; amd64) terraform-provider/develop
        terraform/terraform-tests
    url: https://api.scaleway.com/document-db/v1beta1/regions/fr-par/instances/e36492a3-e9ed-4313-a9e9-3fb6ec2b73e6/users?name=bar&order_by=name_asc
    method: GET
  response:
    body: '{"total_count":1,"users":[{"is_admin":false,"name":"bar"}]}'
    headers:
      Content-Length:
      - "61"
      Content-Security-Policy:
      - default-src 'none'; frame-ancestors 'none'
      Content-Type:
      - application/json
      Date:
      - Mon, 02 Oct 2023 20:12:15 GMT
      Server:
      - Scaleway API-Gateway
      Strict-Transport-Security:
      - max-age=63072000
      X-Content-Type-Options:
      - nosniff
      X-Frame-Options:
      - DENY
      X-Request-Id:
      - 40cb2382-7f3f-4898-b488-d3608d09760a
    status: 200 OK
    code: 200
    duration: ""
- request:
    body: ""
    form: {}
    headers:
      User-Agent:
      - scaleway-sdk-go/v1.0.0-beta.7+dev (go1.21.1; darwin; amd64) terraform-provider/develop
        terraform/terraform-tests
    url: https://api.scaleway.com/document-db/v1beta1/regions/fr-par/instances/e36492a3-e9ed-4313-a9e9-3fb6ec2b73e6
    method: GET
  response:
    body: '{"backup_same_region":false,"backup_schedule":{"disabled":false,"frequency":24,"next_run_at":"2023-10-03T20:08:44.866068Z","retention":7},"created_at":"2023-10-02T20:08:44.866068Z","endpoint":{"id":"760f7ec9-d812-4716-a577-2a1264d128e8","ip":"51.159.26.243","load_balancer":{},"name":null,"port":5088},"endpoints":[{"id":"760f7ec9-d812-4716-a577-2a1264d128e8","ip":"51.159.26.243","load_balancer":{},"name":null,"port":5088}],"engine":"FerretDB-1","id":"e36492a3-e9ed-4313-a9e9-3fb6ec2b73e6","init_settings":[],"is_ha_cluster":false,"logs_policy":{"max_age_retention":30,"total_disk_retention":null},"maintenances":[],"name":"test-documentdb-instance-endpoint-migration","node_type":"docdb-play2-pico","organization_id":"105bdce1-64c0-48ab-899d-868455867ecf","project_id":"105bdce1-64c0-48ab-899d-868455867ecf","read_replicas":[],"region":"fr-par","settings":[{"name":"max_connections","value":"100"}],"status":"ready","tags":["terraform-test","scaleway_document_db_instance_migration","minimal"],"upgradable_version":[],"volume":{"size":20000000000,"type":"bssd"}}'
    headers:
      Content-Length:
      - "1102"
      Content-Security-Policy:
      - default-src 'none'; frame-ancestors 'none'
      Content-Type:
      - application/json
      Date:
      - Mon, 02 Oct 2023 20:12:15 GMT
      Server:
      - Scaleway API-Gateway
      Strict-Transport-Security:
      - max-age=63072000
      X-Content-Type-Options:
      - nosniff
      X-Frame-Options:
      - DENY
      X-Request-Id:
      - 76e54a63-2c6b-43b8-b872-65bdaf736baf
    status: 200 OK
    code: 200
    duration: ""
- request:
    body: ""
    form: {}
    headers:
      User-Agent:
      - scaleway-sdk-go/v1.0.0-beta.7+dev (go1.21.1; darwin; amd64) terraform-provider/develop
        terraform/terraform-tests
    url: https://api.scaleway.com/document-db/v1beta1/regions/fr-par/instances/e36492a3-e9ed-4313-a9e9-3fb6ec2b73e6/users?name=bar&order_by=name_asc
    method: GET
  response:
    body: '{"total_count":1,"users":[{"is_admin":false,"name":"bar"}]}'
    headers:
      Content-Length:
      - "61"
      Content-Security-Policy:
      - default-src 'none'; frame-ancestors 'none'
      Content-Type:
      - application/json
      Date:
      - Mon, 02 Oct 2023 20:12:15 GMT
      Server:
      - Scaleway API-Gateway
      Strict-Transport-Security:
      - max-age=63072000
      X-Content-Type-Options:
      - nosniff
      X-Frame-Options:
      - DENY
      X-Request-Id:
      - f746048c-d555-4e7c-9534-a63c3e8aa159
    status: 200 OK
    code: 200
    duration: ""
- request:
    body: ""
    form: {}
    headers:
      User-Agent:
      - scaleway-sdk-go/v1.0.0-beta.7+dev (go1.21.1; darwin; amd64) terraform-provider/develop
        terraform/terraform-tests
    url: https://api.scaleway.com/document-db/v1beta1/regions/fr-par/instances/e36492a3-e9ed-4313-a9e9-3fb6ec2b73e6
    method: GET
  response:
    body: '{"backup_same_region":false,"backup_schedule":{"disabled":false,"frequency":24,"next_run_at":"2023-10-03T20:08:44.866068Z","retention":7},"created_at":"2023-10-02T20:08:44.866068Z","endpoint":{"id":"760f7ec9-d812-4716-a577-2a1264d128e8","ip":"51.159.26.243","load_balancer":{},"name":null,"port":5088},"endpoints":[{"id":"760f7ec9-d812-4716-a577-2a1264d128e8","ip":"51.159.26.243","load_balancer":{},"name":null,"port":5088}],"engine":"FerretDB-1","id":"e36492a3-e9ed-4313-a9e9-3fb6ec2b73e6","init_settings":[],"is_ha_cluster":false,"logs_policy":{"max_age_retention":30,"total_disk_retention":null},"maintenances":[],"name":"test-documentdb-instance-endpoint-migration","node_type":"docdb-play2-pico","organization_id":"105bdce1-64c0-48ab-899d-868455867ecf","project_id":"105bdce1-64c0-48ab-899d-868455867ecf","read_replicas":[],"region":"fr-par","settings":[{"name":"max_connections","value":"100"}],"status":"ready","tags":["terraform-test","scaleway_document_db_instance_migration","minimal"],"upgradable_version":[],"volume":{"size":20000000000,"type":"bssd"}}'
    headers:
      Content-Length:
      - "1102"
      Content-Security-Policy:
      - default-src 'none'; frame-ancestors 'none'
      Content-Type:
      - application/json
      Date:
      - Mon, 02 Oct 2023 20:12:22 GMT
      Server:
      - Scaleway API-Gateway
      Strict-Transport-Security:
      - max-age=63072000
      X-Content-Type-Options:
      - nosniff
      X-Frame-Options:
      - DENY
      X-Request-Id:
      - eef9d6cb-777d-4d24-b132-1e7cc92b0698
    status: 200 OK
    code: 200
    duration: ""
- request:
    body: ""
    form: {}
    headers:
      User-Agent:
      - scaleway-sdk-go/v1.0.0-beta.7+dev (go1.21.1; darwin; amd64) terraform-provider/develop
        terraform/terraform-tests
    url: https://api.scaleway.com/document-db/v1beta1/regions/fr-par/instances/e36492a3-e9ed-4313-a9e9-3fb6ec2b73e6/users/bar
    method: DELETE
  response:
    body: ""
    headers:
      Content-Security-Policy:
      - default-src 'none'; frame-ancestors 'none'
      Content-Type:
      - application/json
      Date:
      - Mon, 02 Oct 2023 20:12:22 GMT
      Server:
      - Scaleway API-Gateway
      Strict-Transport-Security:
      - max-age=63072000
      X-Content-Type-Options:
      - nosniff
      X-Frame-Options:
      - DENY
      X-Request-Id:
      - 78bd83d5-dcdb-4746-9347-fe7027359f71
    status: 204 No Content
    code: 204
    duration: ""
- request:
    body: ""
    form: {}
    headers:
      User-Agent:
      - scaleway-sdk-go/v1.0.0-beta.7+dev (go1.21.1; darwin; amd64) terraform-provider/develop
        terraform/terraform-tests
    url: https://api.scaleway.com/document-db/v1beta1/regions/fr-par/instances/e36492a3-e9ed-4313-a9e9-3fb6ec2b73e6
    method: GET
  response:
    body: '{"backup_same_region":false,"backup_schedule":{"disabled":false,"frequency":24,"next_run_at":"2023-10-03T20:08:44.866068Z","retention":7},"created_at":"2023-10-02T20:08:44.866068Z","endpoint":{"id":"760f7ec9-d812-4716-a577-2a1264d128e8","ip":"51.159.26.243","load_balancer":{},"name":null,"port":5088},"endpoints":[{"id":"760f7ec9-d812-4716-a577-2a1264d128e8","ip":"51.159.26.243","load_balancer":{},"name":null,"port":5088}],"engine":"FerretDB-1","id":"e36492a3-e9ed-4313-a9e9-3fb6ec2b73e6","init_settings":[],"is_ha_cluster":false,"logs_policy":{"max_age_retention":30,"total_disk_retention":null},"maintenances":[],"name":"test-documentdb-instance-endpoint-migration","node_type":"docdb-play2-pico","organization_id":"105bdce1-64c0-48ab-899d-868455867ecf","project_id":"105bdce1-64c0-48ab-899d-868455867ecf","read_replicas":[],"region":"fr-par","settings":[{"name":"max_connections","value":"100"}],"status":"ready","tags":["terraform-test","scaleway_document_db_instance_migration","minimal"],"upgradable_version":[],"volume":{"size":20000000000,"type":"bssd"}}'
    headers:
      Content-Length:
      - "1102"
      Content-Security-Policy:
      - default-src 'none'; frame-ancestors 'none'
      Content-Type:
      - application/json
      Date:
      - Mon, 02 Oct 2023 20:12:23 GMT
      Server:
      - Scaleway API-Gateway
      Strict-Transport-Security:
      - max-age=63072000
      X-Content-Type-Options:
      - nosniff
      X-Frame-Options:
      - DENY
      X-Request-Id:
      - 933fa1f4-cf8b-47f0-9962-460e90207a89
    status: 200 OK
    code: 200
    duration: ""
- request:
    body: ""
    form: {}
    headers:
      User-Agent:
      - scaleway-sdk-go/v1.0.0-beta.7+dev (go1.21.1; darwin; amd64) terraform-provider/develop
        terraform/terraform-tests
    url: https://api.scaleway.com/document-db/v1beta1/regions/fr-par/instances/e36492a3-e9ed-4313-a9e9-3fb6ec2b73e6
    method: DELETE
  response:
    body: '{"backup_same_region":false,"backup_schedule":{"disabled":false,"frequency":24,"next_run_at":"2023-10-03T20:08:44.866068Z","retention":7},"created_at":"2023-10-02T20:08:44.866068Z","endpoint":{"id":"760f7ec9-d812-4716-a577-2a1264d128e8","ip":"51.159.26.243","load_balancer":{},"name":null,"port":5088},"endpoints":[{"id":"760f7ec9-d812-4716-a577-2a1264d128e8","ip":"51.159.26.243","load_balancer":{},"name":null,"port":5088}],"engine":"FerretDB-1","id":"e36492a3-e9ed-4313-a9e9-3fb6ec2b73e6","init_settings":[],"is_ha_cluster":false,"logs_policy":{"max_age_retention":30,"total_disk_retention":null},"maintenances":[],"name":"test-documentdb-instance-endpoint-migration","node_type":"docdb-play2-pico","organization_id":"105bdce1-64c0-48ab-899d-868455867ecf","project_id":"105bdce1-64c0-48ab-899d-868455867ecf","read_replicas":[],"region":"fr-par","settings":[{"name":"max_connections","value":"100"}],"status":"deleting","tags":["terraform-test","scaleway_document_db_instance_migration","minimal"],"upgradable_version":[],"volume":{"size":20000000000,"type":"bssd"}}'
    headers:
      Content-Length:
      - "1105"
      Content-Security-Policy:
      - default-src 'none'; frame-ancestors 'none'
      Content-Type:
      - application/json
      Date:
      - Mon, 02 Oct 2023 20:12:23 GMT
      Server:
      - Scaleway API-Gateway
      Strict-Transport-Security:
      - max-age=63072000
      X-Content-Type-Options:
      - nosniff
      X-Frame-Options:
      - DENY
      X-Request-Id:
      - 6c1bf5df-b21b-49e3-b647-7c8ff297e9df
    status: 200 OK
    code: 200
    duration: ""
- request:
    body: ""
    form: {}
    headers:
      User-Agent:
      - scaleway-sdk-go/v1.0.0-beta.7+dev (go1.21.1; darwin; amd64) terraform-provider/develop
        terraform/terraform-tests
    url: https://api.scaleway.com/document-db/v1beta1/regions/fr-par/instances/e36492a3-e9ed-4313-a9e9-3fb6ec2b73e6
    method: GET
  response:
    body: '{"backup_same_region":false,"backup_schedule":{"disabled":false,"frequency":24,"next_run_at":"2023-10-03T20:08:44.866068Z","retention":7},"created_at":"2023-10-02T20:08:44.866068Z","endpoint":{"id":"760f7ec9-d812-4716-a577-2a1264d128e8","ip":"51.159.26.243","load_balancer":{},"name":null,"port":5088},"endpoints":[{"id":"760f7ec9-d812-4716-a577-2a1264d128e8","ip":"51.159.26.243","load_balancer":{},"name":null,"port":5088}],"engine":"FerretDB-1","id":"e36492a3-e9ed-4313-a9e9-3fb6ec2b73e6","init_settings":[],"is_ha_cluster":false,"logs_policy":{"max_age_retention":30,"total_disk_retention":null},"maintenances":[],"name":"test-documentdb-instance-endpoint-migration","node_type":"docdb-play2-pico","organization_id":"105bdce1-64c0-48ab-899d-868455867ecf","project_id":"105bdce1-64c0-48ab-899d-868455867ecf","read_replicas":[],"region":"fr-par","settings":[{"name":"max_connections","value":"100"}],"status":"deleting","tags":["terraform-test","scaleway_document_db_instance_migration","minimal"],"upgradable_version":[],"volume":{"size":20000000000,"type":"bssd"}}'
    headers:
      Content-Length:
      - "1105"
      Content-Security-Policy:
      - default-src 'none'; frame-ancestors 'none'
      Content-Type:
      - application/json
      Date:
      - Mon, 02 Oct 2023 20:12:24 GMT
      Server:
      - Scaleway API-Gateway
      Strict-Transport-Security:
      - max-age=63072000
      X-Content-Type-Options:
      - nosniff
      X-Frame-Options:
      - DENY
      X-Request-Id:
      - 9a067f67-f989-44a9-be51-786999e8692d
    status: 200 OK
    code: 200
    duration: ""
- request:
    body: ""
    form: {}
    headers:
      User-Agent:
      - scaleway-sdk-go/v1.0.0-beta.7+dev (go1.21.1; darwin; amd64) terraform-provider/develop
        terraform/terraform-tests
    url: https://api.scaleway.com/document-db/v1beta1/regions/fr-par/instances/e36492a3-e9ed-4313-a9e9-3fb6ec2b73e6
    method: GET
  response:
    body: '{"message":"resource is not found","resource":"instance","resource_id":"e36492a3-e9ed-4313-a9e9-3fb6ec2b73e6","type":"not_found"}'
    headers:
      Content-Length:
      - "129"
      Content-Security-Policy:
      - default-src 'none'; frame-ancestors 'none'
      Content-Type:
      - application/json
      Date:
      - Mon, 02 Oct 2023 20:12:54 GMT
      Server:
      - Scaleway API-Gateway
      Strict-Transport-Security:
      - max-age=63072000
      X-Content-Type-Options:
      - nosniff
      X-Frame-Options:
      - DENY
      X-Request-Id:
      - 1c7fe39c-a2ce-4f84-a345-3c6651416356
    status: 404 Not Found
    code: 404
    duration: ""
- request:
    body: ""
    form: {}
    headers:
      User-Agent:
      - scaleway-sdk-go/v1.0.0-beta.7+dev (go1.21.1; darwin; amd64) terraform-provider/develop
        terraform/terraform-tests
    url: https://api.scaleway.com/document-db/v1beta1/regions/fr-par/instances/e36492a3-e9ed-4313-a9e9-3fb6ec2b73e6
    method: DELETE
  response:
    body: '{"message":"resource is not found","resource":"instance","resource_id":"e36492a3-e9ed-4313-a9e9-3fb6ec2b73e6","type":"not_found"}'
    headers:
      Content-Length:
      - "129"
      Content-Security-Policy:
      - default-src 'none'; frame-ancestors 'none'
      Content-Type:
      - application/json
      Date:
      - Mon, 02 Oct 2023 20:12:58 GMT
      Server:
      - Scaleway API-Gateway
      Strict-Transport-Security:
      - max-age=63072000
      X-Content-Type-Options:
      - nosniff
      X-Frame-Options:
      - DENY
      X-Request-Id:
      - b7da7fce-ebe6-4391-851b-9dda945c9aa9
    status: 404 Not Found
    code: 404
    duration: ""
