---
version: 1
interactions:
- request:
    body: '{"project_id":"63a66ec9-a385-4194-bc15-04aa6921274a","name":"test-documentdb-instance-basic","engine":"FerretDB-1","user_name":"my_initial_user","password":"thiZ_is_v\u0026ry_s3cret","node_type":"docdb-play2-pico","is_ha_cluster":false,"disable_backup":false,"tags":["terraform-test","scaleway_document_db_instance","minimal"],"init_settings":null,"volume_type":"bssd","volume_size":20000000000,"init_endpoints":null,"backup_same_region":false}'
    form: {}
    headers:
      Content-Type:
      - application/json
      User-Agent:
      - scaleway-sdk-go/v1.0.0-beta.7+dev (go1.21.1; darwin; amd64) terraform-provider/develop
        terraform/terraform-tests
    url: https://api.scaleway.com/document-db/v1beta1/regions/fr-par/instances
    method: POST
  response:
    body: '{"backup_same_region":false,"backup_schedule":{"disabled":false,"frequency":24,"next_run_at":"2023-09-28T08:45:26.681354Z","retention":7},"created_at":"2023-09-27T08:45:26.681354Z","endpoint":null,"endpoints":[],"engine":"FerretDB-1","id":"daf70767-7cb6-43f8-bec7-88a6cdba560e","init_settings":[],"is_ha_cluster":false,"logs_policy":{"max_age_retention":30,"total_disk_retention":null},"maintenances":[],"name":"test-documentdb-instance-basic","node_type":"docdb-play2-pico","organization_id":"63a66ec9-a385-4194-bc15-04aa6921274a","project_id":"63a66ec9-a385-4194-bc15-04aa6921274a","read_replicas":[],"region":"fr-par","settings":[],"status":"provisioning","tags":["terraform-test","scaleway_document_db_instance","minimal"],"upgradable_version":[],"volume":{"size":20000000000,"type":"bssd"}}'
    headers:
      Content-Length:
      - "823"
      Content-Security-Policy:
      - default-src 'none'; frame-ancestors 'none'
      Content-Type:
      - application/json
      Date:
      - Wed, 27 Sep 2023 08:45:26 GMT
      Server:
      - Scaleway API-Gateway
      Strict-Transport-Security:
      - max-age=63072000
      X-Content-Type-Options:
      - nosniff
      X-Frame-Options:
      - DENY
      X-Request-Id:
      - e9245787-a354-433a-833a-3f6ba8f069bd
    status: 200 OK
    code: 200
    duration: ""
- request:
    body: ""
    form: {}
    headers:
      User-Agent:
      - scaleway-sdk-go/v1.0.0-beta.7+dev (go1.21.1; darwin; amd64) terraform-provider/develop
        terraform/terraform-tests
    url: https://api.scaleway.com/document-db/v1beta1/regions/fr-par/instances/daf70767-7cb6-43f8-bec7-88a6cdba560e
    method: GET
  response:
    body: '{"backup_same_region":false,"backup_schedule":{"disabled":false,"frequency":24,"next_run_at":"2023-09-28T08:45:26.681354Z","retention":7},"created_at":"2023-09-27T08:45:26.681354Z","endpoint":null,"endpoints":[],"engine":"FerretDB-1","id":"daf70767-7cb6-43f8-bec7-88a6cdba560e","init_settings":[],"is_ha_cluster":false,"logs_policy":{"max_age_retention":30,"total_disk_retention":null},"maintenances":[],"name":"test-documentdb-instance-basic","node_type":"docdb-play2-pico","organization_id":"63a66ec9-a385-4194-bc15-04aa6921274a","project_id":"63a66ec9-a385-4194-bc15-04aa6921274a","read_replicas":[],"region":"fr-par","settings":[],"status":"provisioning","tags":["terraform-test","scaleway_document_db_instance","minimal"],"upgradable_version":[],"volume":{"size":20000000000,"type":"bssd"}}'
    headers:
      Content-Length:
      - "823"
      Content-Security-Policy:
      - default-src 'none'; frame-ancestors 'none'
      Content-Type:
      - application/json
      Date:
      - Wed, 27 Sep 2023 08:45:27 GMT
      Server:
      - Scaleway API-Gateway
      Strict-Transport-Security:
      - max-age=63072000
      X-Content-Type-Options:
      - nosniff
      X-Frame-Options:
      - DENY
      X-Request-Id:
      - 1f78c08b-8e6a-4767-b6b6-fe109d7b7d3d
    status: 200 OK
    code: 200
    duration: ""
- request:
    body: ""
    form: {}
    headers:
      User-Agent:
      - scaleway-sdk-go/v1.0.0-beta.7+dev (go1.21.1; darwin; amd64) terraform-provider/develop
        terraform/terraform-tests
    url: https://api.scaleway.com/document-db/v1beta1/regions/fr-par/instances/daf70767-7cb6-43f8-bec7-88a6cdba560e
    method: GET
  response:
    body: '{"backup_same_region":false,"backup_schedule":{"disabled":false,"frequency":24,"next_run_at":"2023-09-28T08:45:26.681354Z","retention":7},"created_at":"2023-09-27T08:45:26.681354Z","endpoint":null,"endpoints":[],"engine":"FerretDB-1","id":"daf70767-7cb6-43f8-bec7-88a6cdba560e","init_settings":[],"is_ha_cluster":false,"logs_policy":{"max_age_retention":30,"total_disk_retention":null},"maintenances":[],"name":"test-documentdb-instance-basic","node_type":"docdb-play2-pico","organization_id":"63a66ec9-a385-4194-bc15-04aa6921274a","project_id":"63a66ec9-a385-4194-bc15-04aa6921274a","read_replicas":[],"region":"fr-par","settings":[],"status":"initializing","tags":["terraform-test","scaleway_document_db_instance","minimal"],"upgradable_version":[],"volume":{"size":20000000000,"type":"bssd"}}'
    headers:
      Content-Length:
      - "823"
      Content-Security-Policy:
      - default-src 'none'; frame-ancestors 'none'
      Content-Type:
      - application/json
      Date:
      - Wed, 27 Sep 2023 08:45:57 GMT
      Server:
      - Scaleway API-Gateway
      Strict-Transport-Security:
      - max-age=63072000
      X-Content-Type-Options:
      - nosniff
      X-Frame-Options:
      - DENY
      X-Request-Id:
      - 89a40645-7de9-4668-b7e9-3dab1f19c3b1
    status: 200 OK
    code: 200
    duration: ""
- request:
    body: ""
    form: {}
    headers:
      User-Agent:
      - scaleway-sdk-go/v1.0.0-beta.7+dev (go1.21.1; darwin; amd64) terraform-provider/develop
        terraform/terraform-tests
    url: https://api.scaleway.com/document-db/v1beta1/regions/fr-par/instances/daf70767-7cb6-43f8-bec7-88a6cdba560e
    method: GET
  response:
    body: '{"backup_same_region":false,"backup_schedule":{"disabled":false,"frequency":24,"next_run_at":"2023-09-28T08:45:26.681354Z","retention":7},"created_at":"2023-09-27T08:45:26.681354Z","endpoint":null,"endpoints":[],"engine":"FerretDB-1","id":"daf70767-7cb6-43f8-bec7-88a6cdba560e","init_settings":[],"is_ha_cluster":false,"logs_policy":{"max_age_retention":30,"total_disk_retention":null},"maintenances":[],"name":"test-documentdb-instance-basic","node_type":"docdb-play2-pico","organization_id":"63a66ec9-a385-4194-bc15-04aa6921274a","project_id":"63a66ec9-a385-4194-bc15-04aa6921274a","read_replicas":[],"region":"fr-par","settings":[],"status":"initializing","tags":["terraform-test","scaleway_document_db_instance","minimal"],"upgradable_version":[],"volume":{"size":20000000000,"type":"bssd"}}'
    headers:
      Content-Length:
      - "823"
      Content-Security-Policy:
      - default-src 'none'; frame-ancestors 'none'
      Content-Type:
      - application/json
      Date:
      - Wed, 27 Sep 2023 08:46:27 GMT
      Server:
      - Scaleway API-Gateway
      Strict-Transport-Security:
      - max-age=63072000
      X-Content-Type-Options:
      - nosniff
      X-Frame-Options:
      - DENY
      X-Request-Id:
      - a416c102-4230-4466-aa02-bf55477236e7
    status: 200 OK
    code: 200
    duration: ""
- request:
    body: ""
    form: {}
    headers:
      User-Agent:
      - scaleway-sdk-go/v1.0.0-beta.7+dev (go1.21.1; darwin; amd64) terraform-provider/develop
        terraform/terraform-tests
    url: https://api.scaleway.com/document-db/v1beta1/regions/fr-par/instances/daf70767-7cb6-43f8-bec7-88a6cdba560e
    method: GET
  response:
    body: '{"backup_same_region":false,"backup_schedule":{"disabled":false,"frequency":24,"next_run_at":"2023-09-28T08:45:26.681354Z","retention":7},"created_at":"2023-09-27T08:45:26.681354Z","endpoint":null,"endpoints":[],"engine":"FerretDB-1","id":"daf70767-7cb6-43f8-bec7-88a6cdba560e","init_settings":[],"is_ha_cluster":false,"logs_policy":{"max_age_retention":30,"total_disk_retention":null},"maintenances":[],"name":"test-documentdb-instance-basic","node_type":"docdb-play2-pico","organization_id":"63a66ec9-a385-4194-bc15-04aa6921274a","project_id":"63a66ec9-a385-4194-bc15-04aa6921274a","read_replicas":[],"region":"fr-par","settings":[],"status":"initializing","tags":["terraform-test","scaleway_document_db_instance","minimal"],"upgradable_version":[],"volume":{"size":20000000000,"type":"bssd"}}'
    headers:
      Content-Length:
      - "823"
      Content-Security-Policy:
      - default-src 'none'; frame-ancestors 'none'
      Content-Type:
      - application/json
      Date:
      - Wed, 27 Sep 2023 08:46:57 GMT
      Server:
      - Scaleway API-Gateway
      Strict-Transport-Security:
      - max-age=63072000
      X-Content-Type-Options:
      - nosniff
      X-Frame-Options:
      - DENY
      X-Request-Id:
      - aac8b508-a30d-47af-93c6-a08e4189fec1
    status: 200 OK
    code: 200
    duration: ""
- request:
    body: ""
    form: {}
    headers:
      User-Agent:
      - scaleway-sdk-go/v1.0.0-beta.7+dev (go1.21.1; darwin; amd64) terraform-provider/develop
        terraform/terraform-tests
    url: https://api.scaleway.com/document-db/v1beta1/regions/fr-par/instances/daf70767-7cb6-43f8-bec7-88a6cdba560e
    method: GET
  response:
    body: '{"backup_same_region":false,"backup_schedule":{"disabled":false,"frequency":24,"next_run_at":"2023-09-28T08:45:26.681354Z","retention":7},"created_at":"2023-09-27T08:45:26.681354Z","endpoint":null,"endpoints":[],"engine":"FerretDB-1","id":"daf70767-7cb6-43f8-bec7-88a6cdba560e","init_settings":[],"is_ha_cluster":false,"logs_policy":{"max_age_retention":30,"total_disk_retention":null},"maintenances":[],"name":"test-documentdb-instance-basic","node_type":"docdb-play2-pico","organization_id":"63a66ec9-a385-4194-bc15-04aa6921274a","project_id":"63a66ec9-a385-4194-bc15-04aa6921274a","read_replicas":[],"region":"fr-par","settings":[],"status":"initializing","tags":["terraform-test","scaleway_document_db_instance","minimal"],"upgradable_version":[],"volume":{"size":20000000000,"type":"bssd"}}'
    headers:
      Content-Length:
      - "823"
      Content-Security-Policy:
      - default-src 'none'; frame-ancestors 'none'
      Content-Type:
      - application/json
      Date:
      - Wed, 27 Sep 2023 08:47:27 GMT
      Server:
      - Scaleway API-Gateway
      Strict-Transport-Security:
      - max-age=63072000
      X-Content-Type-Options:
      - nosniff
      X-Frame-Options:
      - DENY
      X-Request-Id:
      - e5da6537-36b8-4ed1-baad-d66bb49d6179
    status: 200 OK
    code: 200
    duration: ""
- request:
    body: ""
    form: {}
    headers:
      User-Agent:
      - scaleway-sdk-go/v1.0.0-beta.7+dev (go1.21.1; darwin; amd64) terraform-provider/develop
        terraform/terraform-tests
    url: https://api.scaleway.com/document-db/v1beta1/regions/fr-par/instances/daf70767-7cb6-43f8-bec7-88a6cdba560e
    method: GET
  response:
    body: '{"backup_same_region":false,"backup_schedule":{"disabled":false,"frequency":24,"next_run_at":"2023-09-28T08:45:26.681354Z","retention":7},"created_at":"2023-09-27T08:45:26.681354Z","endpoint":null,"endpoints":[],"engine":"FerretDB-1","id":"daf70767-7cb6-43f8-bec7-88a6cdba560e","init_settings":[],"is_ha_cluster":false,"logs_policy":{"max_age_retention":30,"total_disk_retention":null},"maintenances":[],"name":"test-documentdb-instance-basic","node_type":"docdb-play2-pico","organization_id":"63a66ec9-a385-4194-bc15-04aa6921274a","project_id":"63a66ec9-a385-4194-bc15-04aa6921274a","read_replicas":[],"region":"fr-par","settings":[],"status":"initializing","tags":["terraform-test","scaleway_document_db_instance","minimal"],"upgradable_version":[],"volume":{"size":20000000000,"type":"bssd"}}'
    headers:
      Content-Length:
      - "823"
      Content-Security-Policy:
      - default-src 'none'; frame-ancestors 'none'
      Content-Type:
      - application/json
      Date:
      - Wed, 27 Sep 2023 08:47:58 GMT
      Server:
      - Scaleway API-Gateway
      Strict-Transport-Security:
      - max-age=63072000
      X-Content-Type-Options:
      - nosniff
      X-Frame-Options:
      - DENY
      X-Request-Id:
      - 1f68878f-35cd-43b7-a75f-96323e00f8d1
    status: 200 OK
    code: 200
    duration: ""
- request:
    body: ""
    form: {}
    headers:
      User-Agent:
      - scaleway-sdk-go/v1.0.0-beta.7+dev (go1.21.1; darwin; amd64) terraform-provider/develop
        terraform/terraform-tests
    url: https://api.scaleway.com/document-db/v1beta1/regions/fr-par/instances/daf70767-7cb6-43f8-bec7-88a6cdba560e
    method: GET
  response:
    body: '{"backup_same_region":false,"backup_schedule":{"disabled":false,"frequency":24,"next_run_at":"2023-09-28T08:45:26.681354Z","retention":7},"created_at":"2023-09-27T08:45:26.681354Z","endpoint":null,"endpoints":[],"engine":"FerretDB-1","id":"daf70767-7cb6-43f8-bec7-88a6cdba560e","init_settings":[],"is_ha_cluster":false,"logs_policy":{"max_age_retention":30,"total_disk_retention":null},"maintenances":[],"name":"test-documentdb-instance-basic","node_type":"docdb-play2-pico","organization_id":"63a66ec9-a385-4194-bc15-04aa6921274a","project_id":"63a66ec9-a385-4194-bc15-04aa6921274a","read_replicas":[],"region":"fr-par","settings":[],"status":"initializing","tags":["terraform-test","scaleway_document_db_instance","minimal"],"upgradable_version":[],"volume":{"size":20000000000,"type":"bssd"}}'
    headers:
      Content-Length:
      - "823"
      Content-Security-Policy:
      - default-src 'none'; frame-ancestors 'none'
      Content-Type:
      - application/json
      Date:
      - Wed, 27 Sep 2023 08:48:28 GMT
      Server:
      - Scaleway API-Gateway
      Strict-Transport-Security:
      - max-age=63072000
      X-Content-Type-Options:
      - nosniff
      X-Frame-Options:
      - DENY
      X-Request-Id:
      - f2914b64-4a2e-4e1e-896b-59348b706fad
    status: 200 OK
    code: 200
    duration: ""
- request:
    body: ""
    form: {}
    headers:
      User-Agent:
      - scaleway-sdk-go/v1.0.0-beta.7+dev (go1.21.1; darwin; amd64) terraform-provider/develop
        terraform/terraform-tests
    url: https://api.scaleway.com/document-db/v1beta1/regions/fr-par/instances/daf70767-7cb6-43f8-bec7-88a6cdba560e
    method: GET
  response:
    body: '{"backup_same_region":false,"backup_schedule":{"disabled":false,"frequency":24,"next_run_at":"2023-09-28T08:45:26.681354Z","retention":7},"created_at":"2023-09-27T08:45:26.681354Z","endpoint":{"id":"f9a8e228-d0c9-4d57-b6f3-466eecf7ccbb","ip":"51.159.24.37","load_balancer":{},"name":null,"port":22937},"endpoints":[{"id":"f9a8e228-d0c9-4d57-b6f3-466eecf7ccbb","ip":"51.159.24.37","load_balancer":{},"name":null,"port":22937}],"engine":"FerretDB-1","id":"daf70767-7cb6-43f8-bec7-88a6cdba560e","init_settings":[],"is_ha_cluster":false,"logs_policy":{"max_age_retention":30,"total_disk_retention":null},"maintenances":[],"name":"test-documentdb-instance-basic","node_type":"docdb-play2-pico","organization_id":"63a66ec9-a385-4194-bc15-04aa6921274a","project_id":"63a66ec9-a385-4194-bc15-04aa6921274a","read_replicas":[],"region":"fr-par","settings":[{"name":"max_connections","value":"100"}],"status":"ready","tags":["terraform-test","scaleway_document_db_instance","minimal"],"upgradable_version":[],"volume":{"size":20000000000,"type":"bssd"}}'
    headers:
      Content-Length:
      - "1079"
      Content-Security-Policy:
      - default-src 'none'; frame-ancestors 'none'
      Content-Type:
      - application/json
      Date:
      - Wed, 27 Sep 2023 08:48:58 GMT
      Server:
      - Scaleway API-Gateway
      Strict-Transport-Security:
      - max-age=63072000
      X-Content-Type-Options:
      - nosniff
      X-Frame-Options:
      - DENY
      X-Request-Id:
      - 808763dd-fc40-4af9-ac75-d1a87640bb09
    status: 200 OK
    code: 200
    duration: ""
- request:
    body: ""
    form: {}
    headers:
      User-Agent:
      - scaleway-sdk-go/v1.0.0-beta.7+dev (go1.21.1; darwin; amd64) terraform-provider/develop
        terraform/terraform-tests
    url: https://api.scaleway.com/document-db/v1beta1/regions/fr-par/instances/daf70767-7cb6-43f8-bec7-88a6cdba560e
    method: GET
  response:
    body: '{"backup_same_region":false,"backup_schedule":{"disabled":false,"frequency":24,"next_run_at":"2023-09-28T08:45:26.681354Z","retention":7},"created_at":"2023-09-27T08:45:26.681354Z","endpoint":{"id":"f9a8e228-d0c9-4d57-b6f3-466eecf7ccbb","ip":"51.159.24.37","load_balancer":{},"name":null,"port":22937},"endpoints":[{"id":"f9a8e228-d0c9-4d57-b6f3-466eecf7ccbb","ip":"51.159.24.37","load_balancer":{},"name":null,"port":22937}],"engine":"FerretDB-1","id":"daf70767-7cb6-43f8-bec7-88a6cdba560e","init_settings":[],"is_ha_cluster":false,"logs_policy":{"max_age_retention":30,"total_disk_retention":null},"maintenances":[],"name":"test-documentdb-instance-basic","node_type":"docdb-play2-pico","organization_id":"63a66ec9-a385-4194-bc15-04aa6921274a","project_id":"63a66ec9-a385-4194-bc15-04aa6921274a","read_replicas":[],"region":"fr-par","settings":[{"name":"max_connections","value":"100"}],"status":"ready","tags":["terraform-test","scaleway_document_db_instance","minimal"],"upgradable_version":[],"volume":{"size":20000000000,"type":"bssd"}}'
    headers:
      Content-Length:
      - "1079"
      Content-Security-Policy:
      - default-src 'none'; frame-ancestors 'none'
      Content-Type:
      - application/json
      Date:
      - Wed, 27 Sep 2023 08:48:58 GMT
      Server:
      - Scaleway API-Gateway
      Strict-Transport-Security:
      - max-age=63072000
      X-Content-Type-Options:
      - nosniff
      X-Frame-Options:
      - DENY
      X-Request-Id:
      - 0b69b13b-cf5f-4cf8-b792-2fede9c97f84
    status: 200 OK
    code: 200
    duration: ""
- request:
    body: ""
    form: {}
    headers:
      User-Agent:
      - scaleway-sdk-go/v1.0.0-beta.7+dev (go1.21.1; darwin; amd64) terraform-provider/develop
        terraform/terraform-tests
    url: https://api.scaleway.com/document-db/v1beta1/regions/fr-par/instances/daf70767-7cb6-43f8-bec7-88a6cdba560e
    method: GET
  response:
    body: '{"backup_same_region":false,"backup_schedule":{"disabled":false,"frequency":24,"next_run_at":"2023-09-28T08:45:26.681354Z","retention":7},"created_at":"2023-09-27T08:45:26.681354Z","endpoint":{"id":"f9a8e228-d0c9-4d57-b6f3-466eecf7ccbb","ip":"51.159.24.37","load_balancer":{},"name":null,"port":22937},"endpoints":[{"id":"f9a8e228-d0c9-4d57-b6f3-466eecf7ccbb","ip":"51.159.24.37","load_balancer":{},"name":null,"port":22937}],"engine":"FerretDB-1","id":"daf70767-7cb6-43f8-bec7-88a6cdba560e","init_settings":[],"is_ha_cluster":false,"logs_policy":{"max_age_retention":30,"total_disk_retention":null},"maintenances":[],"name":"test-documentdb-instance-basic","node_type":"docdb-play2-pico","organization_id":"63a66ec9-a385-4194-bc15-04aa6921274a","project_id":"63a66ec9-a385-4194-bc15-04aa6921274a","read_replicas":[],"region":"fr-par","settings":[{"name":"max_connections","value":"100"}],"status":"ready","tags":["terraform-test","scaleway_document_db_instance","minimal"],"upgradable_version":[],"volume":{"size":20000000000,"type":"bssd"}}'
    headers:
      Content-Length:
      - "1079"
      Content-Security-Policy:
      - default-src 'none'; frame-ancestors 'none'
      Content-Type:
      - application/json
      Date:
      - Wed, 27 Sep 2023 08:48:58 GMT
      Server:
      - Scaleway API-Gateway
      Strict-Transport-Security:
      - max-age=63072000
      X-Content-Type-Options:
      - nosniff
      X-Frame-Options:
      - DENY
      X-Request-Id:
      - 92d2cf80-7a78-48e7-9144-23801b2f3016
    status: 200 OK
    code: 200
    duration: ""
- request:
    body: ""
    form: {}
    headers:
      User-Agent:
      - scaleway-sdk-go/v1.0.0-beta.7+dev (go1.21.1; darwin; amd64) terraform-provider/develop
        terraform/terraform-tests
    url: https://api.scaleway.com/document-db/v1beta1/regions/fr-par/instances/daf70767-7cb6-43f8-bec7-88a6cdba560e
    method: GET
  response:
    body: '{"backup_same_region":false,"backup_schedule":{"disabled":false,"frequency":24,"next_run_at":"2023-09-28T08:45:26.681354Z","retention":7},"created_at":"2023-09-27T08:45:26.681354Z","endpoint":{"id":"f9a8e228-d0c9-4d57-b6f3-466eecf7ccbb","ip":"51.159.24.37","load_balancer":{},"name":null,"port":22937},"endpoints":[{"id":"f9a8e228-d0c9-4d57-b6f3-466eecf7ccbb","ip":"51.159.24.37","load_balancer":{},"name":null,"port":22937}],"engine":"FerretDB-1","id":"daf70767-7cb6-43f8-bec7-88a6cdba560e","init_settings":[],"is_ha_cluster":false,"logs_policy":{"max_age_retention":30,"total_disk_retention":null},"maintenances":[],"name":"test-documentdb-instance-basic","node_type":"docdb-play2-pico","organization_id":"63a66ec9-a385-4194-bc15-04aa6921274a","project_id":"63a66ec9-a385-4194-bc15-04aa6921274a","read_replicas":[],"region":"fr-par","settings":[{"name":"max_connections","value":"100"}],"status":"ready","tags":["terraform-test","scaleway_document_db_instance","minimal"],"upgradable_version":[],"volume":{"size":20000000000,"type":"bssd"}}'
    headers:
      Content-Length:
      - "1079"
      Content-Security-Policy:
      - default-src 'none'; frame-ancestors 'none'
      Content-Type:
      - application/json
      Date:
      - Wed, 27 Sep 2023 08:48:59 GMT
      Server:
      - Scaleway API-Gateway
      Strict-Transport-Security:
      - max-age=63072000
      X-Content-Type-Options:
      - nosniff
      X-Frame-Options:
      - DENY
      X-Request-Id:
      - e08f3fdd-30cc-4445-bb4e-51ba8d61e5a6
    status: 200 OK
    code: 200
    duration: ""
- request:
    body: ""
    form: {}
    headers:
      User-Agent:
      - scaleway-sdk-go/v1.0.0-beta.7+dev (go1.21.1; darwin; amd64) terraform-provider/develop
        terraform/terraform-tests
    url: https://api.scaleway.com/document-db/v1beta1/regions/fr-par/instances/daf70767-7cb6-43f8-bec7-88a6cdba560e
    method: GET
  response:
    body: '{"backup_same_region":false,"backup_schedule":{"disabled":false,"frequency":24,"next_run_at":"2023-09-28T08:45:26.681354Z","retention":7},"created_at":"2023-09-27T08:45:26.681354Z","endpoint":{"id":"f9a8e228-d0c9-4d57-b6f3-466eecf7ccbb","ip":"51.159.24.37","load_balancer":{},"name":null,"port":22937},"endpoints":[{"id":"f9a8e228-d0c9-4d57-b6f3-466eecf7ccbb","ip":"51.159.24.37","load_balancer":{},"name":null,"port":22937}],"engine":"FerretDB-1","id":"daf70767-7cb6-43f8-bec7-88a6cdba560e","init_settings":[],"is_ha_cluster":false,"logs_policy":{"max_age_retention":30,"total_disk_retention":null},"maintenances":[],"name":"test-documentdb-instance-basic","node_type":"docdb-play2-pico","organization_id":"63a66ec9-a385-4194-bc15-04aa6921274a","project_id":"63a66ec9-a385-4194-bc15-04aa6921274a","read_replicas":[],"region":"fr-par","settings":[{"name":"max_connections","value":"100"}],"status":"ready","tags":["terraform-test","scaleway_document_db_instance","minimal"],"upgradable_version":[],"volume":{"size":20000000000,"type":"bssd"}}'
    headers:
      Content-Length:
      - "1079"
      Content-Security-Policy:
      - default-src 'none'; frame-ancestors 'none'
      Content-Type:
      - application/json
      Date:
      - Wed, 27 Sep 2023 08:48:59 GMT
      Server:
      - Scaleway API-Gateway
      Strict-Transport-Security:
      - max-age=63072000
      X-Content-Type-Options:
      - nosniff
      X-Frame-Options:
      - DENY
      X-Request-Id:
      - df7d589e-bfe2-428d-b860-618bb4de4e00
    status: 200 OK
    code: 200
    duration: ""
- request:
    body: ""
    form: {}
    headers:
      User-Agent:
      - scaleway-sdk-go/v1.0.0-beta.7+dev (go1.21.1; darwin; amd64) terraform-provider/develop
        terraform/terraform-tests
    url: https://api.scaleway.com/document-db/v1beta1/regions/fr-par/instances/daf70767-7cb6-43f8-bec7-88a6cdba560e
    method: DELETE
  response:
    body: '{"backup_same_region":false,"backup_schedule":{"disabled":false,"frequency":24,"next_run_at":"2023-09-28T08:45:26.681354Z","retention":7},"created_at":"2023-09-27T08:45:26.681354Z","endpoint":{"id":"f9a8e228-d0c9-4d57-b6f3-466eecf7ccbb","ip":"51.159.24.37","load_balancer":{},"name":null,"port":22937},"endpoints":[{"id":"f9a8e228-d0c9-4d57-b6f3-466eecf7ccbb","ip":"51.159.24.37","load_balancer":{},"name":null,"port":22937}],"engine":"FerretDB-1","id":"daf70767-7cb6-43f8-bec7-88a6cdba560e","init_settings":[],"is_ha_cluster":false,"logs_policy":{"max_age_retention":30,"total_disk_retention":null},"maintenances":[],"name":"test-documentdb-instance-basic","node_type":"docdb-play2-pico","organization_id":"63a66ec9-a385-4194-bc15-04aa6921274a","project_id":"63a66ec9-a385-4194-bc15-04aa6921274a","read_replicas":[],"region":"fr-par","settings":[{"name":"max_connections","value":"100"}],"status":"deleting","tags":["terraform-test","scaleway_document_db_instance","minimal"],"upgradable_version":[],"volume":{"size":20000000000,"type":"bssd"}}'
    headers:
      Content-Length:
      - "1082"
      Content-Security-Policy:
      - default-src 'none'; frame-ancestors 'none'
      Content-Type:
      - application/json
      Date:
      - Wed, 27 Sep 2023 08:49:00 GMT
      Server:
      - Scaleway API-Gateway
      Strict-Transport-Security:
      - max-age=63072000
      X-Content-Type-Options:
      - nosniff
      X-Frame-Options:
      - DENY
      X-Request-Id:
      - 699ac6e6-2745-41a8-92a6-879eb0cc6585
    status: 200 OK
    code: 200
    duration: ""
- request:
    body: ""
    form: {}
    headers:
      User-Agent:
      - scaleway-sdk-go/v1.0.0-beta.7+dev (go1.21.1; darwin; amd64) terraform-provider/develop
        terraform/terraform-tests
    url: https://api.scaleway.com/document-db/v1beta1/regions/fr-par/instances/daf70767-7cb6-43f8-bec7-88a6cdba560e
    method: GET
  response:
    body: '{"backup_same_region":false,"backup_schedule":{"disabled":false,"frequency":24,"next_run_at":"2023-09-28T08:45:26.681354Z","retention":7},"created_at":"2023-09-27T08:45:26.681354Z","endpoint":{"id":"f9a8e228-d0c9-4d57-b6f3-466eecf7ccbb","ip":"51.159.24.37","load_balancer":{},"name":null,"port":22937},"endpoints":[{"id":"f9a8e228-d0c9-4d57-b6f3-466eecf7ccbb","ip":"51.159.24.37","load_balancer":{},"name":null,"port":22937}],"engine":"FerretDB-1","id":"daf70767-7cb6-43f8-bec7-88a6cdba560e","init_settings":[],"is_ha_cluster":false,"logs_policy":{"max_age_retention":30,"total_disk_retention":null},"maintenances":[],"name":"test-documentdb-instance-basic","node_type":"docdb-play2-pico","organization_id":"63a66ec9-a385-4194-bc15-04aa6921274a","project_id":"63a66ec9-a385-4194-bc15-04aa6921274a","read_replicas":[],"region":"fr-par","settings":[{"name":"max_connections","value":"100"}],"status":"deleting","tags":["terraform-test","scaleway_document_db_instance","minimal"],"upgradable_version":[],"volume":{"size":20000000000,"type":"bssd"}}'
    headers:
      Content-Length:
      - "1082"
      Content-Security-Policy:
      - default-src 'none'; frame-ancestors 'none'
      Content-Type:
      - application/json
      Date:
      - Wed, 27 Sep 2023 08:49:00 GMT
      Server:
      - Scaleway API-Gateway
      Strict-Transport-Security:
      - max-age=63072000
      X-Content-Type-Options:
      - nosniff
      X-Frame-Options:
      - DENY
      X-Request-Id:
      - 8f5b8575-a402-4f43-93da-28cb223e9cb1
    status: 200 OK
    code: 200
    duration: ""
- request:
    body: ""
    form: {}
    headers:
      User-Agent:
      - scaleway-sdk-go/v1.0.0-beta.7+dev (go1.21.1; darwin; amd64) terraform-provider/develop
        terraform/terraform-tests
    url: https://api.scaleway.com/document-db/v1beta1/regions/fr-par/instances/daf70767-7cb6-43f8-bec7-88a6cdba560e
    method: GET
  response:
    body: '{"message":"resource is not found","resource":"instance","resource_id":"daf70767-7cb6-43f8-bec7-88a6cdba560e","type":"not_found"}'
    headers:
      Content-Length:
      - "129"
      Content-Security-Policy:
      - default-src 'none'; frame-ancestors 'none'
      Content-Type:
      - application/json
      Date:
      - Wed, 27 Sep 2023 08:49:31 GMT
      Server:
      - Scaleway API-Gateway
      Strict-Transport-Security:
      - max-age=63072000
      X-Content-Type-Options:
      - nosniff
      X-Frame-Options:
      - DENY
      X-Request-Id:
      - 162bd037-56b0-49e6-8f59-fb4a6bf14fb8
    status: 404 Not Found
    code: 404
    duration: ""
- request:
    body: ""
    form: {}
    headers:
      User-Agent:
      - scaleway-sdk-go/v1.0.0-beta.7+dev (go1.21.1; darwin; amd64) terraform-provider/develop
        terraform/terraform-tests
    url: https://api.scaleway.com/document-db/v1beta1/regions/fr-par/instances/daf70767-7cb6-43f8-bec7-88a6cdba560e
    method: DELETE
  response:
    body: '{"message":"resource is not found","resource":"instance","resource_id":"daf70767-7cb6-43f8-bec7-88a6cdba560e","type":"not_found"}'
    headers:
      Content-Length:
      - "129"
      Content-Security-Policy:
      - default-src 'none'; frame-ancestors 'none'
      Content-Type:
      - application/json
      Date:
      - Wed, 27 Sep 2023 08:49:31 GMT
      Server:
      - Scaleway API-Gateway
      Strict-Transport-Security:
      - max-age=63072000
      X-Content-Type-Options:
      - nosniff
      X-Frame-Options:
      - DENY
      X-Request-Id:
      - 5278cffc-0f92-415d-b253-a6f5e98b7fbb
    status: 404 Not Found
    code: 404
    duration: ""
